// Jest Snapshot v1, https://goo.gl/fbAQLP

exports[`AddListForm should render the AddListForm Component correctly 1`] = `ShallowWrapper {}`;
