// Jest Snapshot v1, https://goo.gl/fbAQLP

exports[`Card should render the Card Component correctly 1`] = `ShallowWrapper {}`;
