// Jest Snapshot v1, https://goo.gl/fbAQLP

exports[`TaskBoard should render the TaskBoard Component correctly 1`] = `ShallowWrapper {}`;
