// Jest Snapshot v1, https://goo.gl/fbAQLP

exports[`AddTaskForm should render the AddTaskForm Component correctly 1`] = `ShallowWrapper {}`;
