// Jest Snapshot v1, https://goo.gl/fbAQLP

exports[`List should render the List Component correctly 1`] = `ShallowWrapper {}`;
