// Jest Snapshot v1, https://goo.gl/fbAQLP

exports[`DeleteForm should render the DeleteForm Component correctly 1`] = `ShallowWrapper {}`;
