// Jest Snapshot v1, https://goo.gl/fbAQLP

exports[`should render reportWebVitals component 1`] = `ShallowWrapper {}`;
